D;Wahr;50;"Homer, Simpson";"id card 123";20991231;General
M;Wahr;50;"Homer, Simpson";"id card 123";20991231;General
A;Wahr;50;"Vorname, Nachname";"id card 123";20991231;General
