b84c9b7f-1ebb-49b6-9d18-4305932b2dd1,D,Wahr,50,'Homer, Simpson','id card 123',20991231,General
b84c9b7f-1ebb-49b6-9d18-4305932b2dd1,M,Wahr,50,'Homer, Simpson','id card 123',20991231,General
b84c9b7f-1ebb-49b6-9d18-4305932b2dd1,A,Wahr,50,'Vorname, Nachname','id card 123',20991231,General

