{
    "tests": {
        "id": "b84c9b7f-1ebb-49b6-9d18-4305932b2dd1",
        "multiple": [
            "a",
            6665,
            "c"
        ],
        "ints": [
            123,
            1234,
            12345,
            123456
        ],
        "objects": [
            {
                "id": 123
            },
            {
                "id": 234
            },
            {
                "id": 345
            }
        ],
        "arrays": [
            [
                1,
                2,
                3
            ],
            [
                3,
                4,
                5
            ]
        ]
    }
}
