{
    "tests": {
        "id": "b84c9b7f-1ebb-49b6-9d18-4305932b2dd1",
        "nested1": [
            {
                "nested2": [
                    {
                        "int": 2
                    },
                    {
                        "int": 3
                    }
                ]
            },
            {
                "nested2": [
                    {
                        "int": 4
                    },
                    {
                        "int": 5
                    }
                ]
            }
        ],
        "multiple": [
            "a",
            6665,
            "c"
        ],
        "integers": [
            123,
            1234,
            12345,
            123456
        ],
        "objects": [
            {
                "id": 123
            },
            {
                "id": 234
            },
            {
                "id": 345
            }
        ],
        "arrays": [
            [
                1,
                2,
                3
            ],
            [
                3,
                4,
                5
            ]
        ],
        "dateTimes": [
            [
                "2019-07-10T12:50:20+00:00",
                "2019-02-28T13:50:24+02:00"
            ],
            [
                "02.02.2012 12:12",
                "01.01.2011 11:11"
            ]
        ]
    }
}
